[INFO] Scanning for projects...
[INFO] 
[INFO] ---------------------< com.weibo:weibo-springboot >---------------------
[INFO] Building weibo Spring Boot 1.0.0
[INFO] --------------------------------[ jar ]---------------------------------
[INFO] 
[INFO] >>> spring-boot-maven-plugin:2.7.18:run (default-cli) > test-compile @ weibo-springboot >>>
[WARNING] The artifact mysql:mysql-connector-java:jar:8.0.33 has been relocated to com.mysql:mysql-connector-j:jar:8.0.33
[INFO] 
[INFO] --- maven-resources-plugin:3.2.0:resources (default-resources) @ weibo-springboot ---
[INFO] Using 'UTF-8' encoding to copy filtered resources.
[INFO] Using 'UTF-8' encoding to copy filtered properties files.
[INFO] Copying 0 resource
[INFO] Copying 23 resources
[INFO] 
[INFO] --- maven-compiler-plugin:3.10.1:compile (default-compile) @ weibo-springboot ---
[INFO] Nothing to compile - all classes are up to date
[INFO] 
[INFO] --- maven-resources-plugin:3.2.0:testResources (default-testResources) @ weibo-springboot ---
[INFO] Using 'UTF-8' encoding to copy filtered resources.
[INFO] Using 'UTF-8' encoding to copy filtered properties files.
[INFO] skip non existing resourceDirectory D:\Aijava\javaproject\260319\dogfood-2-246\seed\web-springboot\src\test\resources
[INFO] 
[INFO] --- maven-compiler-plugin:3.10.1:testCompile (default-testCompile) @ weibo-springboot ---
[INFO] No sources to compile
[INFO] 
[INFO] <<< spring-boot-maven-plugin:2.7.18:run (default-cli) < test-compile @ weibo-springboot <<<
[INFO] 
[INFO] 
[INFO] --- spring-boot-maven-plugin:2.7.18:run (default-cli) @ weibo-springboot ---
[INFO] Attaching agents: []

  .   ____          _            __ _ _
 /\\ / ___'_ __ _ _(_)_ __  __ _ \ \ \ \
( ( )\___ | '_ | '_| | '_ \/ _` | \ \ \ \
 \\/  ___)| |_)| | | | | || (_| |  ) ) ) )
  '  |____| .__|_| |_|_| |_\__, | / / / /
 =========|_|==============|___/=/_/_/_/
 :: Spring Boot ::               (v2.7.18)

2026-03-23 12:52:01.666 [main] INFO  com.it.Application - Starting Application using Java 1.8.0_121 on MSI with PID 3316 (D:\Aijava\javaproject\260319\dogfood-2-246\seed\web-springboot\target\classes started by 20807 in D:\Aijava\javaproject\260319\dogfood-2-246\seed\web-springboot)
2026-03-23 12:52:01.669 [main] DEBUG com.it.Application - Running with Spring Boot v2.7.18, Spring v5.3.31
2026-03-23 12:52:01.669 [main] INFO  com.it.Application - No active profile set, falling back to 1 default profile: "default"
2026-03-23 12:52:02.914 [main] INFO  o.s.boot.web.embedded.tomcat.TomcatWebServer - Tomcat initialized with port(s): 8080 (http)
2026-03-23 12:52:02.931 [main] INFO  org.apache.catalina.core.StandardService - Starting service [Tomcat]
2026-03-23 12:52:02.932 [main] INFO  org.apache.catalina.core.StandardEngine - Starting Servlet engine: [Apache Tomcat/9.0.83]
2026-03-23 12:52:03.172 [main] INFO  org.apache.jasper.servlet.TldScanner - At least one JAR was scanned for TLDs yet contained no TLDs. Enable debug logging for this logger for a complete list of JARs that were scanned but no TLDs were found in them. Skipping unneeded JARs during scanning can improve startup time and JSP compilation time.
2026-03-23 12:52:03.179 [main] INFO  o.a.c.core.ContainerBase.[Tomcat].[localhost].[/] - Initializing Spring embedded WebApplicationContext
2026-03-23 12:52:03.179 [main] INFO  o.s.b.w.s.c.ServletWebServerApplicationContext - Root WebApplicationContext: initialization completed in 1471 ms
Logging initialized using 'class org.apache.ibatis.logging.stdout.StdOutImpl' adapter.
2026-03-23 12:52:03.280 [main] INFO  c.a.d.s.b.a.DruidDataSourceAutoConfigure - Init DruidDataSource
2026-03-23 12:52:03.614 [main] INFO  com.alibaba.druid.pool.DruidDataSource - {dataSource-1} inited
Parsed mapper file: 'file [D:\Aijava\javaproject\260319\dogfood-2-246\seed\web-springboot\target\classes\mapper\ArticleCommentMapper.xml]'
Parsed mapper file: 'file [D:\Aijava\javaproject\260319\dogfood-2-246\seed\web-springboot\target\classes\mapper\ArticleInteractionMapper.xml]'
Parsed mapper file: 'file [D:\Aijava\javaproject\260319\dogfood-2-246\seed\web-springboot\target\classes\mapper\ArticleMapper.xml]'
Parsed mapper file: 'file [D:\Aijava\javaproject\260319\dogfood-2-246\seed\web-springboot\target\classes\mapper\DoumailMapper.xml]'
Parsed mapper file: 'file [D:\Aijava\javaproject\260319\dogfood-2-246\seed\web-springboot\target\classes\mapper\FriendMapper.xml]'
Parsed mapper file: 'file [D:\Aijava\javaproject\260319\dogfood-2-246\seed\web-springboot\target\classes\mapper\UserMapper.xml]'
2026-03-23 12:52:03.964 [main] INFO  o.s.boot.web.embedded.tomcat.TomcatWebServer - Tomcat started on port(s): 8080 (http) with context path ''
2026-03-23 12:52:03.982 [main] INFO  com.it.Application - Started Application in 2.634 seconds (JVM running for 3.182)
======================================
   weibo Spring Boot 搴旂敤鍚姩鎴愬姛!   
   Access address: http://localhost:8080     
======================================
2026-03-23 12:52:06.074 [SpringApplicationShutdownHook] INFO  com.alibaba.druid.pool.DruidDataSource - {dataSource-1} closing ...
2026-03-23 12:52:06.081 [SpringApplicationShutdownHook] INFO  com.alibaba.druid.pool.DruidDataSource - {dataSource-1} closed
[INFO] ------------------------------------------------------------------------
[INFO] BUILD SUCCESS
[INFO] ------------------------------------------------------------------------
[INFO] Total time:  7.285 s
[INFO] Finished at: 2026-03-23T12:52:06+08:00
[INFO] ------------------------------------------------------------------------
终止批处理操作吗(Y/N)? 终止批处理操作吗(Y/N)? 